# ---------------------------------------------------------------
# MultiViewer Description File
# ---------------------------------------------------------------
# Syntax:
#   <TYPE>, <PVNAME|IOCNAME>, <DESC> # some_more_comments
# Where:
#   <Type>    : "GIG" -> GigE Cameras or
#               "MMS" -> Motor or
#               "IOC" -> Server name
#   <PVNAME>  : Camera PV Name to display in the display
#   <IOCNAME> : Server name associated to restart button
#   <DESC>    : User Camera or Server description
# Notes:
#   PVNAME or IOCNAME are not case sensitive.
#   Line can be commented out by starting with '#' character.
# ---------------------------------------------------------------

# CAMERA PV NAMES (located in the cfg file, 'CAM' variable):
GIG, TST:GIGE:CAM134A, B901 TST Manta 1 #on ioc-tst-rec02
#GIG, TST:GIGE:CAM134A, B901 TST Manta 2 #on ioc-tst-rec02
#GIG, TST:GIGE:CAM134A, B901 TST Manta 3 #on ioc-tst-rec02
#GIG, TST:GIGE:CAM134A, B901 TST Manta 4 #on ioc-tst-rec02
GIG, TST:GIGE:CAM134B, B901 TST Prosilica 1 #on ioc-tst-rec02
#GIG, TST:GIGE:CAM134B, B901 TST Prosilica 2 #on ioc-tst-rec02
#GIG, TST:GIGE:CAM134B, B901 TST Prosilica 3 #on ioc-tst-rec02
#GIG, TST:GIGE:CAM134B, B901 TST Prosilica 4#on ioc-tst-rec02

# IOC PV NAMES (located in the cfg file, 'IOC_PV' variable): 
IOC, TST:GIGE:IOC134A, IOC1 #ioc PV name for restart cam1
#IOC, TST:GIGE:IOC134A, IOC2 #ioc PV name for restart cam2
#IOC, TST:GIGE:IOC134A, IOC3 #ioc PV name for restart cam3
#IOC, TST:GIGE:IOC134A, IOC4 #ioc PV name for restart cam4
IOC, TST:GIGE:IOC134B, IOC5 #ioc PV name for restart cam5
#IOC, TST:GIGE:IOC134B, IOC6 #ioc PV name for restart cam6
#IOC, TST:GIGE:IOC134B, IOC7 #ioc PV name for restart cam7
#IOC, TST:GIGE:IOC134B, IOC8 #ioc PV name for restart cam8

# MOTOR PV NAMES:
MMS, IOC:TST:PPK:MOT1, Pulse Picker motor 1 #installed in B901...
MMS, IOC:TST:PPK:MOT2, Pulse Picker Trans X #installed in B901...
MMS, IOC:TST:PPK:MOT3, Pulse Picker Trans Y #installed in B901...
MMS, IOC:TST:PPK:MOT4, Pulse Picker Trans Y #installed in B901...
MMS, IOC:TST:PPK:MOT5, Pulse Picker Trans Y #installed in B901...
MMS, IOC:TST:PPK:MOT6, Pulse Picker Trans Y #installed in B901...
MMS, IOC:TST:PPK:MOT7, Pulse Picker Trans Y #installed in B901...
MMS, IOC:TST:PPK:MOT8, Pulse Picker Trans Y #installed in B901...
